two: gopher rebar
one: process bar gopher
test3.mk.o: secondprocess two one
