two: process rebar
one: process bar
test3.mk.o: secondprocess ab
