prereq.txt: echo txt $(echo txt)
proto.txt: echo proto.txt
